<?xml version="1.0" encoding="utf-8"?>
<aj-snapshot>
<alsa>
  <client name="System">
    <port id="0">
      <connection client="SuperCollider" port="0" />
    </port>
    <port id="1" />
  </client>
  <client name="Midi Through">
    <port id="0" />
  </client>
  <client name="MT4">
    <port id="0">
      <connection client="SuperCollider" port="0" />
    </port>
    <port id="1">
      <connection client="SuperCollider" port="1" />
    </port>
    <port id="2">
      <connection client="SuperCollider" port="2" />
    </port>
  </client>
  <client name="SuperCollider">
    <port id="3">
      <connection client="MT4" port="0" />
    </port>
  </client>
  <client name="Client-129" />
</alsa>
</aj-snapshot>
